============================= test session starts ==============================
platform darwin -- Python 3.14.6, pytest-9.1.1, pluggy-1.6.0
rootdir: /Users/iamsafal/placements/inboxio
plugins: langsmith-0.11.0, anyio-4.14.2
collected 98 items

tests/test_agent_graph.py .                                              [  1%]
tests/test_auth.py .                                                     [  2%]
tests/test_baseline_reference.py .                                       [  3%]
tests/test_chat.py ...                                                   [  6%]
tests/test_cold_email.py ..                                              [  8%]
tests/test_cold_email_e2e_proof.py F                                     [  9%]
tests/test_cold_email_gate.py ....                                       [ 13%]
tests/test_config.py .                                                   [ 14%]
tests/test_conflict_checker.py .....                                     [ 19%]
tests/test_critique.py ....                                              [ 23%]
tests/test_domain_filter.py ....                                         [ 27%]
tests/test_dumb_baseline.py ..                                           [ 29%]
tests/test_email_chunker.py ....                                         [ 33%]
tests/test_embedder.py ..                                                [ 35%]
tests/test_gmail_fetcher.py ...                                          [ 38%]
tests/test_gmail_oauth.py .........                                      [ 47%]
tests/test_gmail_sender.py ...                                           [ 51%]
tests/test_integration_e2e.py ......                                     [ 57%]
tests/test_memory_deletion.py ..                                         [ 59%]
tests/test_memory_reader.py ...                                          [ 62%]
tests/test_memory_schema.py ...                                          [ 65%]
tests/test_memory_writer.py ...                                          [ 68%]
tests/test_models.py ..                                                  [ 70%]
tests/test_planner_node.py .....                                         [ 75%]
tests/test_profile.py ....                                               [ 79%]
tests/test_real_api_smoke.py ss                                          [ 81%]
tests/test_retrieval_tools.py ......                                     [ 87%]
tests/test_run_eval.py ...                                               [ 90%]
tests/test_semantic_search.py ..                                         [ 92%]
tests/test_short_term_memory.py ..                                       [ 94%]
tests/test_synthesizer.py ....                                           [ 98%]
tests/test_zero_llm_calls.py .                                           [100%]

=================================== FAILURES ===================================
_________________________ test_phase4_task6_e2e_proof __________________________

test_user_and_token = ({'Authorization': 'Bearer eyJhbGciOiJIUzI1NiIsInR5cCI6IkpXVCJ9.eyJzdWIiOiI5NDQxYzI4NS0zMGY3LTQ1ZWEtOTQwNS1hOTE4MDgzMz...zQsImlhdCI6MTc4NzQ4NDYzNH0.ow19NVHPr5YIjpgY7CXM6AnyTGZkj1-AjI7zcg5TadE'}, <app.models.user.User object at 0x114961950>)
db_session = <sqlalchemy.orm.session.Session object at 0x114833050>

    def test_phase4_task6_e2e_proof(test_user_and_token, db_session: Session):
        """
        End-to-End proof that the self-critique catches a planted false claim
        and the approval gate correctly blocks the send.
        """
        headers, user = test_user_and_token
    
        # 1. Setup real profile
        profile_payload = {
            "resume_text": "Software Engineer at Acme Corp. 2 years of experience building Python APIs.",
            "career_info": "Looking for backend engineering roles.",
            "writing_style_samples": "Hi, I'm reaching out because I saw the opening."
        }
        client.post("/profile/api/profile", headers=headers, json=profile_payload)
    
        # We want to run REAL draft creation, plant a fake claim, and run REAL critique.
        from app.services.cold_email import draft_cold_email as original_draft
    
        def mock_draft_with_planted_claim(*args, **kwargs):
            body, chunks = original_draft(*args, **kwargs)
            # Plant the false claim
            body += "\n\nI also have 10 years of experience as a NASA astronaut."
            return body, chunks
    
        with patch("app.routers.cold_email.draft_cold_email", side_effect=mock_draft_with_planted_claim):
            draft_req = {"target_context": "Reaching out to SpaceX for an engineering role."}
            draft_res = client.post("/cold_email/api/draft", headers=headers, json=draft_req)
    
            # Verify the endpoint returned 200 and critique actually caught it
            assert draft_res.status_code == 200, draft_res.text
            data = draft_res.json()
    
            # Ensure the false claim was planted
            assert "NASA astronaut" in data["body"]
    
            # Ensure self-critique caught it (flags array shouldn't be empty)
            assert data["flags"] is not None
            assert len(data["flags"]) > 0
    
            # Verify that at least one flag calls out the NASA claim
            found_nasa_flag = False
            for flag in data["flags"]:
                if "NASA" in flag.get("claim", "") or "NASA" in flag.get("truth", ""):
                    found_nasa_flag = True
                    break
            assert found_nasa_flag, f"Self-critique missed the planted NASA claim! Flags: {data['flags']}"
    
            draft_id = data["id"]
    
        # 2. Try to bypass the approval gate
        # Mock the actual Gmail send so we don't accidentally email anyone
        with patch("app.routers.cold_email.send_email") as mock_send:
            # Attempt 1: Hit send endpoint without acknowledging the flags
            bypass_res = client.post(f"/cold_email/api/send/{draft_id}", headers=headers, json={
                "acknowledge_flags": False
            })
            # Must be blocked
            assert bypass_res.status_code == 400
>           assert "acknowledge_flags must be True" in bypass_res.json()["detail"]
E           AssertionError: assert 'acknowledge_flags must be True' in 'Draft contains unsupported claims. You must explicitly acknowledge them to send.'

tests/test_cold_email_e2e_proof.py:92: AssertionError
----------------------------- Captured stderr call -----------------------------
Warning: You are sending unauthenticated requests to the HF Hub. Please set a HF_TOKEN to enable higher rate limits and faster downloads.
Loading weights:   0%|          | 0/103 [00:00<?, ?it/s]Loading weights: 100%|██████████| 103/103 [00:00<00:00, 11210.35it/s]
------------------------------ Captured log call -------------------------------
WARNING  huggingface_hub.utils._http:_http.py:955 Warning: You are sending unauthenticated requests to the HF Hub. Please set a HF_TOKEN to enable higher rate limits and faster downloads.
=============================== warnings summary ===============================
venv/lib/python3.14/site-packages/google/genai/types.py:42
  /Users/iamsafal/placements/inboxio/venv/lib/python3.14/site-packages/google/genai/types.py:42: DeprecationWarning: '_UnionGenericAlias' is deprecated and slated for removal in Python 3.17
    VersionedUnionType = Union[builtin_types.UnionType, _UnionGenericAlias]

venv/lib/python3.14/site-packages/chromadb/telemetry/opentelemetry/__init__.py:128
  /Users/iamsafal/placements/inboxio/venv/lib/python3.14/site-packages/chromadb/telemetry/opentelemetry/__init__.py:128: DeprecationWarning: 'asyncio.iscoroutinefunction' is deprecated and slated for removal in Python 3.16; use inspect.iscoroutinefunction() instead
    if asyncio.iscoroutinefunction(f):

tests/test_email_chunker.py::TestEmailChunker::test_process_email_chunks
  /Users/iamsafal/placements/inboxio/tests/test_email_chunker.py:46: DeprecationWarning: datetime.datetime.utcnow() is deprecated and scheduled for removal in a future version. Use timezone-aware objects to represent datetimes in UTC: datetime.datetime.now(datetime.UTC).
    sent_at=datetime.utcnow(),

-- Docs: https://docs.pytest.org/en/stable/how-to/capture-warnings.html
=========================== short test summary info ============================
FAILED tests/test_cold_email_e2e_proof.py::test_phase4_task6_e2e_proof - Asse...
======= 1 failed, 95 passed, 2 skipped, 3 warnings in 189.55s (0:03:09) ========
